---
source: tests/sections.rs
expression: "component::TypesComponent::new(0, bytes.as_slice()).unwrap()"
---
(type (; 0 ;) (func (param i32) (result i64)))

